127.0.0.1:6379> ping
PONG
127.0.0.1:6379> ping
PONG
127.0.0.1:6379> SET user Marcin
OK
127.0.0.1:6379> GET user
"Marcin"
127.0.0.1:6379> SET user Mateusz
OK
127.0.0.1:6379> GET user
"Mateusz"
127.0.0.1:6379> DEL user
(integer) 1
127.0.0.1:6379> GET user
(nil)
127.0.0.1:6379> GET xyz
(nil)
127.0.0.1:6379> SET uczestnik-1 Mateusz
OK
127.0.0.1:6379> SET uczestnik-2 Darek
OK
127.0.0.1:6379> MSET uczestnik-3 Kamil uczestnik-4 Marcin
OK
127.0.0.1:6379> KEYS *
1) "uczestnik-4"
2) "uczestnik-3"
3) "uczestnik-2"
4) "uczestnik-1"
127.0.0.1:6379> MGET uczestnik-1 uczestnik-2
1) "Mateusz"
2) "Darek"
127.0.0.1:6379> KEYS uczestnik-*
1) "uczestnik-4"
2) "uczestnik-3"
3) "uczestnik-2"
4) "uczestnik-1"
127.0.0.1:6379> keys *
1) "uczestnik-4"
2) "uczestnik-3"
3) "uczestnik-2"
4) "uczestnik-1"
127.0.0.1:6379> SET vehicle-1 WW01234
OK
127.0.0.1:6379> SET vehicle-2 PO54545
OK
127.0.0.1:6379> keys *
1) "vehicle-2"
2) "vehicle-1"
3) "uczestnik-4"
4) "uczestnik-1"
5) "uczestnik-2"
6) "uczestnik-3"
127.0.0.1:6379> keys vehicle-*
1) "vehicle-2"
2) "vehicle-1"
127.0.0.1:6379> SCAN 0 MATCH uczestnik-*
1) "0"
2) 1) "uczestnik-4"
   2) "uczestnik-1"
   3) "uczestnik-2"
   4) "uczestnik-3"
127.0.0.1:6379> keys uczestnik-*
1) "uczestnik-4"
2) "uczestnik-1"
3) "uczestnik-2"
4) "uczestnik-3"
127.0.0.1:6379> SELECT 0
OK
127.0.0.1:6379> SELECT 1
OK
127.0.0.1:6379[1]> KEYS *
(empty array)
127.0.0.1:6379[1]> SELECT 0
OK
127.0.0.1:6379> KEYS *
1) "vehicle-2"
2) "vehicle-1"
3) "uczestnik-4"
4) "uczestnik-1"
5) "uczestnik-2"
6) "uczestnik-3"
127.0.0.1:6379> SELECT 1
OK
127.0.0.1:6379[1]> SET vehicle-1 WW01234
OK
127.0.0.1:6379[1]> KEYS *
1) "vehicle-1"
127.0.0.1:6379[1]> SELECT 0
OK
127.0.0.1:6379> DEL vehicle-1
(integer) 1
127.0.0.1:6379> KEYS *
1) "vehicle-2"
2) "uczestnik-4"
3) "uczestnik-1"
4) "uczestnik-2"
5) "uczestnik-3"
127.0.0.1:6379> MOVE vehicle-2 1
(integer) 1
127.0.0.1:6379> KEYS *
1) "uczestnik-4"
2) "uczestnik-1"
3) "uczestnik-2"
4) "uczestnik-3"
127.0.0.1:6379> SELECT 2
OK
127.0.0.1:6379[2]> SELECT 1
OK
127.0.0.1:6379[1]> KEYS *
1) "vehicle-1"
2) "vehicle-2"
127.0.0.1:6379[1]> SELECT 0
OK
127.0.0.1:6379> keys *
1) "uczestnik-4"
2) "uczestnik-1"
3) "uczestnik-2"
4) "uczestnik-3"
127.0.0.1:6379> SET ilosc-uczestnikow 4
OK
127.0.0.1:6379> GET ilosc-uczestnikow
"4"
127.0.0.1:6379> INCR ilosc-uczestnikow
(integer) 5
127.0.0.1:6379> INCR ilosc-uczestnikow
(integer) 6
127.0.0.1:6379> INCR ilosc-uczestnikow
(integer) 7
127.0.0.1:6379> DECR ilosc-uczestnikow
(integer) 6
127.0.0.1:6379> DECR ilosc-uczestnikow
(integer) 5
127.0.0.1:6379> DECR ilosc-uczestnikow
(integer) 4
127.0.0.1:6379> DECR ilosc-uczestnikow
(integer) 3
127.0.0.1:6379> INCR punkty
(integer) 1
127.0.0.1:6379> INCR punkty
(integer) 2
127.0.0.1:6379> INCR punkty
(integer) 3
127.0.0.1:6379> INCRBY punkty 10
(integer) 13
127.0.0.1:6379> INCRBY punkty 10
(integer) 23
127.0.0.1:6379> INCRBY punkty 10
(integer) 33
127.0.0.1:6379> DECRBY punkty 5
(integer) 28
127.0.0.1:6379> INCR ilosc-uczestnikow
(integer) 4
127.0.0.1:6379>
127.0.0.1:6379> INCR ilosc-uczestnikow
(integer) 5
127.0.0.1:6379> SET token-1 ABC123
OK
127.0.0.1:6379> GET token-1
"ABC123"
127.0.0.1:6379> SET token-1 ABC123 EX 120
OK
127.0.0.1:6379> TTL token-1
(integer) 109
127.0.0.1:6379> TTL token-1
(integer) 105
127.0.0.1:6379> TTL token-1
(integer) 103
127.0.0.1:6379> TTL token-1
(integer) 91
127.0.0.1:6379> TTL token-1
(integer) 77
127.0.0.1:6379> SET token-2 XYZ EX 15
OK
127.0.0.1:6379> TTL token-2
(integer) 8
127.0.0.1:6379> TTL token-1
(integer) 52
127.0.0.1:6379> TTL token-2
(integer) 2
127.0.0.1:6379> TTL token-2
(integer) 0
127.0.0.1:6379> TTL token-2
(integer) -2
127.0.0.1:6379> GET token-2
(nil)
127.0.0.1:6379> GET token-1
"ABC123"
127.0.0.1:6379> TTL token-1
(integer) 29
127.0.0.1:6379> SET token-1 ABC EXAT 1653058800
OK
127.0.0.1:6379> TTL token-1
(integer) 6409
127.0.0.1:6379> TTL token-1
(integer) 6404
127.0.0.1:6379> PERSIST token-1
(integer) 1
127.0.0.1:6379> TTL token-1
(integer) -1
127.0.0.1:6379> EXPIREAT token-1 1653058800
(integer) 1
127.0.0.1:6379> TTL token-1
(integer) 6343
127.0.0.1:6379> keys *
1) "ilosc-uczestnikow"
2) "token-1"
3) "punkty"
4) "uczestnik-4"
5) "uczestnik-1"
6) "uczestnik-2"
7) "uczestnik-3"
127.0.0.1:6379> GET uczestnik-1
"Mateusz"
127.0.0.1:6379> HSET uczestnik-1 imie Mateusz nazwisko Stychanski email mateusz@domain.com
(error) WRONGTYPE Operation against a key holding the wrong kind of value
127.0.0.1:6379> HSET user-1 imie Mateusz nazwisko Stychanski email mateusz@domain.com
(integer) 3
127.0.0.1:6379> HGET user-1 email
"mateusz@domain.com"
127.0.0.1:6379> HGET user-1 imie
"Mateusz"
127.0.0.1:6379> HGETALL user-1
1) "imie"
2) "Mateusz"
3) "nazwisko"
4) "Stychanski"
5) "email"
6) "mateusz@domain.com"
127.0.0.1:6379> EXPIRE user-1 300
(integer) 1
127.0.0.1:6379> PERSIST user-1
(integer) 1
127.0.0.1:6379> TTL user-1
(integer) -1
127.0.0.1:6379> HGETALL user-1
1) "imie"
2) "Mateusz"
3) "nazwisko"
4) "Stychanski"
5) "email"
6) "mateusz@domain.com"
127.0.0.1:6379> SADD cart myszka
(integer) 1
127.0.0.1:6379> SADD card klawiatura
(integer) 1
127.0.0.1:6379> SADD card kartasd
(integer) 1
127.0.0.1:6379> SMEMBERS cart
1) "myszka"
127.0.0.1:6379> SADD cart kartasd
(integer) 1
127.0.0.1:6379> SADD cart klawiatura
(integer) 1
127.0.0.1:6379> SMEMBERS cart
1) "klawiatura"
2) "kartasd"
3) "myszka"
127.0.0.1:6379> KEYS
(error) ERR wrong number of arguments for 'keys' command
127.0.0.1:6379> KEYS  *
 1) "token-1"
 2) "user-1"
 3) "card"
 4) "uczestnik-3"
 5) "uczestnik-2"
 6) "ilosc-uczestnikow"
 7) "cart"
 8) "punkty"
 9) "uczestnik-4"
10) "uczestnik-1"
127.0.0.1:6379> DEL card
(integer) 1
127.0.0.1:6379> KEYS  *
1) "token-1"
2) "user-1"
3) "uczestnik-3"
4) "uczestnik-2"
5) "ilosc-uczestnikow"
6) "cart"
7) "punkty"
8) "uczestnik-4"
9) "uczestnik-1"
127.0.0.1:6379> SMEMBERS cart
1) "klawiatura"
2) "kartasd"
3) "myszka"
127.0.0.1:6379> SADD cart-100 ksiazka1 ksiazka2 zakladka tablet
(integer) 4
127.0.0.1:6379> SADD cart-100 tablet
(integer) 0
127.0.0.1:6379> SMEMBERS cart
1) "klawiatura"
2) "kartasd"
3) "myszka"
127.0.0.1:6379> SMEMBERS cart-100
1) "tablet"
2) "zakladka"
3) "ksiazka2"
4) "ksiazka1"
127.0.0.1:6379> SADD station-1 r1 r2 r3
(integer) 3
127.0.0.1:6379> SADD station-2 r4 r5
(integer) 2
127.0.0.1:6379> keys station*
1) "station-2"
2) "station-1"
127.0.0.1:6379> SMOVE station-1 running r1
(integer) 1
127.0.0.1:6379> SMEMBERS station-1
1) "r3"
2) "r2"
127.0.0.1:6379> SMEMBERS station-2
1) "r4"
2) "r5"
127.0.0.1:6379> SMEMBERS running
1) "r1"
127.0.0.1:6379> SMOVE station-2 r4
(error) ERR wrong number of arguments for 'smove' command
127.0.0.1:6379> SMOVE station-2 running r4
(integer) 1
127.0.0.1:6379> SMEMBERS running
1) "r4"
2) "r1"
127.0.0.1:6379> SUNION station-1 station-2
1) "r2"
2) "r3"
3) "r5"
127.0.0.1:6379> SMEMBERS running
1) "r4"
2) "r1"
127.0.0.1:6379> SADD station-1 r4
(integer) 1
127.0.0.1:6379> SMEMBERS running
1) "r4"
2) "r1"
127.0.0.1:6379> SMEMBERS station-1
1) "r3"
2) "r2"
3) "r4"
127.0.0.1:6379> SINTER station-1 running
1) "r4"
127.0.0.1:6379> SINTER station-1 running station-2
(empty array)
127.0.0.1:6379>
127.0.0.1:6379> SCARD station-1
(integer) 3
127.0.0.1:6379> SRANDMEMBER station-1
"r2"
127.0.0.1:6379> SRANDMEMBER station-1
"r2"
127.0.0.1:6379> SRANDMEMBER station-1
"r4"
127.0.0.1:6379> SINTER station-1 running
1) "r4"
127.0.0.1:6379> SINTERSTORE station-1 running damaged
(integer) 0
127.0.0.1:6379> SMEMBERS damaged
(empty array)
127.0.0.1:6379> SINTER station-1 running
(empty array)
127.0.0.1:6379> SINTERSTORE damaged running station-1
(integer) 0
127.0.0.1:6379> SMEMBERS damaged
(empty array)
127.0.0.1:6379> SMEMBERS station-1
(empty array)
127.0.0.1:6379> SMEMBERS station-2
1) "r5"
127.0.0.1:6379> SMEMBERS running
1) "r4"
2) "r1"
127.0.0.1:6379> SADD station-1 r4 r7 r8
(integer) 3
127.0.0.1:6379> SMEMBERS running
1) "r4"
2) "r1"
127.0.0.1:6379> SINTERSTORE damaged running station-1
(integer) 1
127.0.0.1:6379> SMEMBERS damaged
1) "r4"
127.0.0.1:6379> ZADD skills:marcin 100 csharp
(integer) 1
127.0.0.1:6379> ZADD skills:marcin 100 wpf
(integer) 1
127.0.0.1:6379> ZADD skills:marcin 20 docker
(integer) 1
127.0.0.1:6379> ZRANGEBYSCORE skills:marcin 50 100
1) "csharp"
2) "wpf"
127.0.0.1:6379> ZRANGEBYSCORE skills:marcin 50 100 WITHSCORES
1) "csharp"
2) "100"
3) "wpf"
4) "100"
127.0.0.1:6379> ZADD cart:marcin 1 myszka
(integer) 1
127.0.0.1:6379> ZADD cart:marcin 2 komputer
(integer) 1
127.0.0.1:6379> ZINCRBY cart:marcin 1 myszka
"2"
127.0.0.1:6379> ZSCORE cart:marcin myszka
"2"
127.0.0.1:6379> ZINCRBY cart:marcin -2 myszka
"0"
127.0.0.1:6379>